Last login: Wed Nov 22 15:28:21 on ttys008
cvicensa-mbp:opentlc cvicensa$ ssh -i cvicensa-redhat.com.id_rsa  cvicensa-redhat.com@bastion.72c4.example.opentlc.com
X11 forwarding request failed on channel 0
Last login: Wed Nov 22 09:28:35 2017 from 149.6.131.75
[cvicensa-redhat.com@bastion ~]$ sudo su -
Last login: Wed Nov 22 09:31:03 EST 2017 on pts/1
[root@bastion ~]# ls
anaconda-ks.cfg  bastion.hosts  htpasswd.openshift  ipa-ca.crt  original-ks.cfg  ose-install
[root@bastion ~]# cat htpasswd.openshift 
admin:$apr1$SpwgXdTx$Cx4qnr6Fz5hns/.iiCjMv1
developer:$apr1$pTWy6h8o$fqCp2ciQIs2rG7AHpvZNt0
[root@bastion ~]# htpasswd -h
htpasswd: illegal option -- h
Usage:
	htpasswd [-cimBdpsDv] [-C cost] passwordfile username
	htpasswd -b[cmBdpsDv] [-C cost] passwordfile username password

	htpasswd -n[imBdps] [-C cost] username
	htpasswd -nb[mBdps] [-C cost] username password
 -c  Create a new file.
 -n  Don't update file; display results on stdout.
 -b  Use the password from the command line rather than prompting for it.
 -i  Read password from stdin without verification (for script usage).
 -m  Force MD5 encryption of the password (default).
 -B  Force bcrypt encryption of the password (very secure).
 -C  Set the computing time used for the bcrypt algorithm
     (higher is more secure but slower, default: 5, valid: 4 to 31).
 -d  Force CRYPT encryption of the password (8 chars max, insecure).
 -s  Force SHA encryption of the password (insecure).
 -p  Do not encrypt the password (plaintext, insecure).
 -D  Delete the specified user.
 -v  Verify password for the specified user.
On other systems than Windows and NetWare the '-p' flag will probably not work.
The SHA algorithm does not use a salt and is less secure than the MD5 algorithm.
[root@bastion ~]# htpasswd htpasswd.openshift admin welcome1
Usage:
	htpasswd [-cimBdpsDv] [-C cost] passwordfile username
	htpasswd -b[cmBdpsDv] [-C cost] passwordfile username password

	htpasswd -n[imBdps] [-C cost] username
	htpasswd -nb[mBdps] [-C cost] username password
 -c  Create a new file.
 -n  Don't update file; display results on stdout.
 -b  Use the password from the command line rather than prompting for it.
 -i  Read password from stdin without verification (for script usage).
 -m  Force MD5 encryption of the password (default).
 -B  Force bcrypt encryption of the password (very secure).
 -C  Set the computing time used for the bcrypt algorithm
     (higher is more secure but slower, default: 5, valid: 4 to 31).
 -d  Force CRYPT encryption of the password (8 chars max, insecure).
 -s  Force SHA encryption of the password (insecure).
 -p  Do not encrypt the password (plaintext, insecure).
 -D  Delete the specified user.
 -v  Verify password for the specified user.
On other systems than Windows and NetWare the '-p' flag will probably not work.
The SHA algorithm does not use a salt and is less secure than the MD5 algorithm.
[root@bastion ~]# htpasswd htpasswd.openshift admin
New password: 
Re-type new password: 
Updating password for user admin
[root@bastion ~]# ssh master1.72c4.internal
Last login: Wed Nov 22 11:05:29 2017 from ip-192-199-0-79.eu-central-1.compute.internal
[ec2-user@master1 ~]$ sudo -i
[root@master1 ~]# grep -e "htpass" /etc/origin/master/master-config.yaml
      file: /etc/origin/master/htpasswd
[root@master1 ~]# cat /etc/origin/master/htpasswd
developer:$apr1$pTWy6h8o$fqCp2ciQIs2rG7AHpvZNt0
user54:$apr1$1vuZq/U0$Aq0Kz3wk0YPleDz/rTCdK0
user55:$apr1$KjULqmcD$XrhyYt2nWuiaQkbciDIcN/
user56:$apr1$gTPaNeq0$sqWJDPZ5//ZDjLf0dSbUh1
user57:$apr1$6PaKhdlY$dX2FkVJ0xV.4MAQeDUgRT0
user50:$apr1$c/R3wJ/g$GJ03siVj5tkNxrg4OaxhJ0
user51:$apr1$EdEX6Pyt$IdPQHmhZi8FEbJjREVbe1/
user52:$apr1$ZMfyTjjX$RFOrnKsSr5xXA7IXn7TkC/
user53:$apr1$GY.rOkJM$uMCqJmmorP5I1v.YHHz1Z/
user58:$apr1$.8MSdEpY$MPIbUO2WnC0wsno8zUOjC.
user59:$apr1$TWpKuAvt$CFeTQxxSgeU3dFkL4qpXb.
user43:$apr1$.VwoJu38$D4v4NKL1KPuRZdNeprBXS/
user42:$apr1$fTMTWEzw$X4MsyNlWketRjQgqonwxn.
user41:$apr1$/q6tJtXi$9mCB1YCqdhEE6VVVVkVKc/
user40:$apr1$n36Hr3zC$lEVq4B7UWmdcnl01lUyR..
user47:$apr1$jfTmW1k5$Fd2ebTUtFFl3CLZWfFmRR.
user46:$apr1$uwOs/4nv$TB2r3pOPJ2K0A./CimVUT1
user45:$apr1$a9ucQ1sC$HEMij.WGEa1xIQ01HpyKh1
user44:$apr1$e0s48GLK$JMQ849MeckVX0wG2vE2s10
user49:$apr1$nu75PZ0r$bPCMgDmlOAj.YbeFPHJHE.
user48:$apr1$4/apB/zd$IxoWJ5pTRNGgbxx3Ayl/i0
user36:$apr1$PglCzG.g$44QsoAyMhanH5A40P5jhY1
user37:$apr1$2d5ggTIZ$xYsfdRBLOlEsnWRFVS9Yl0
user34:$apr1$OQ1I/gHn$.WA01EeXhDLE1K3vWD1wu.
user35:$apr1$KseEJXTS$kE/QO1XT0mZ44Iyw/ofnj/
user32:$apr1$fRMBUYu8$T5BQ8kI3pMgqXaRH7l8p..
user33:$apr1$es9ruteO$jZsV5/H8GIzw.vCfPs5310
user30:$apr1$bbEEX3EF$ozw4jPcYHwVO7.MRzXtu0.
user31:$apr1$hD0kfz7i$SjNdGZbvto5EifBma5iA5.
user38:$apr1$x/cdV95V$mKFZmSkoBjeEu.HZshO0n.
user39:$apr1$VC6.WQOS$fAOAR1mx/i7Pnt2oGsDmu/
admin:$apr1$SpwgXdTx$Cx4qnr6Fz5hns/.iiCjMv1
user25:$apr1$gFHGMQUV$w11pZbcBqVKOylr9TZ1EW.
user24:$apr1$z/U5MAQB$GvKG3i8ATXWHhoxN9e0HS/
user27:$apr1$Kt6VoxNS$nq1Kzd53DUL8h8gfu4fEq/
user26:$apr1$5YG0dnOG$GzbnTQMBe0Dqc3f3pwvPL1
user21:$apr1$cKRCbWLl$WCVjYUxD22GS5RRv1npwR1
user20:$apr1$WfYdosg5$cU1BsAzkIhTzKBx8Rvd3o1
user23:$apr1$dVgQOh7j$L3JZlN8ZmdEwebXqD66Yl0
user22:$apr1$QhpgOkFU$Y6Nn7NEPbJk3D9ehFb4i50
user29:$apr1$3HH4pgpa$Uh84gx3UP8vyPRfAIMPRl1
user28:$apr1$aLAQHJ4d$qTRmUpw2eF9whEwDyIixG0
user100:$apr1$glFN48wz$dR9w94PGiQL8qZXcXGd0L0
user98:$apr1$MVU1/8dh$UKzkRk1CQP00SvnoPIm1..
user99:$apr1$v8vKZdHH$NC5xud.olhtdydHU9hav6.
user90:$apr1$9ffAneiG$CAz5JWeIPGnamOQlVRGIk.
user91:$apr1$Z3XW5Yy4$Kibx7GmgdpC6CAM0IxhtC0
karla:$apr1$FQx2mX4c$eJc21GuVZWNg1ULF8I2G31
user93:$apr1$iJ4AQyfu$fkXSVib.OzPCSBQlLhwwS.
user94:$apr1$jiPqi0uI$XyYDQt0kcawqFLX12VW3n/
user95:$apr1$ULEkhfG2$/WHcoR9KJxAS3uw470Vkk.
user96:$apr1$56tQXa91$l0yaZgZHbDidgw95IP7yQ1
user97:$apr1$SoGwK9hP$YbceEfwmsM3QCdNGAaE1b.
user10:$apr1$dWTDSR23$UGGJtkVC1ERmAOikomI9K0
user11:$apr1$j4fPyRZg$nNJk1nt1vAf54HAB/g/8g/
user12:$apr1$dd6kysUI$ueu/9.gbL0LkjpCbSjFNI.
user13:$apr1$DeRaAbVq$ZI3HtBzQxWYHifjIuPJSM1
user14:$apr1$dUuWDYgk$co6NQ4Dbcp3pQjVO5dR7Q.
user15:$apr1$4QmhSys7$wC.fKmKRqLNqoYqQ1dixJ/
user16:$apr1$RHcOPHg7$p9LgYP6zE4nMDlA8ongVc/
user17:$apr1$pji2xxHN$vvUHj/fbQRgLR.WBMblQH/
user18:$apr1$Lm79l0Qr$KgZSAuPcrTo4.GIWTBLGa/
user19:$apr1$KGxvneIX$.GJo7JB.N/c1FLW7vlblx/
andrew:$apr1$dZPb2ECf$ercevOFO5znrynUfUj4tb/
user87:$apr1$v01l1ljr$tGDKwdhKC05HEbntSxV5M0
user86:$apr1$a/xD3Jfw$rZXN4ykj0W6qadlh447n//
user85:$apr1$/LYLXNbH$/COZBzkaU0pPOXR38ZFVX/
user84:$apr1$xfehskAD$NRMQJttylejHtNKQqBj.k.
user83:$apr1$IVq8346H$lPQJZ7Thr/gJ2EmzDsktH0
user82:$apr1$quKB2P2.$iq.ZzDa3/xoaoY3.F1Un90
user81:$apr1$3YvQ/JPg$sDXhV8xpHNxQzFSvMMxAD1
user80:$apr1$oTmftf8R$FYzQD77hYfh9Wq3SvwYU7/
user89:$apr1$EvSs2TA2$fRDg0hVOCf2jbhwXifzbs.
user88:$apr1$9RYtWl12$ck19ozvS.SWeAAaDZqE940
user6:$apr1$VEbpwL9M$c1oFwS.emkt8fyR24zOzd0
user7:$apr1$wZxsnY/A$PK0O7iofGJJsvOZ3ctoNo.
user4:$apr1$e9/zT6dh$J18M.9zyn3DazrYreGV.B/
user5:$apr1$Nu/XJFVP$DgybymePret.Prch9MyxP/
user2:$apr1$JCcW2XQM$8takcyaYYrPT5I8M46TA01
user3:$apr1$zPC/rXKY$2PGF7dRsGwC3i8YJ59aOk0
user1:$apr1$FmrTsuSa$yducoDpvYq0KEV0ErmwpA1
user8:$apr1$5YBAWpGg$YO4ACHZL.c31NbQZH9LlE.
user9:$apr1$CIxB1enN$Aghb7.S4U3SXPRt55hTWI.
user78:$apr1$PHSpv5ty$WC8GlQpclQqH30eWPu.6e.
user79:$apr1$c/yk9dQ9$dvhh.P4F5zGnysBvwps4m/
user72:$apr1$CNkwam0s$b.QcPWytnhlOsaajMQx630
user73:$apr1$m5kE07o0$7TC3K.I16YTaRyN8EZq7E/
user70:$apr1$pJu569Az$nHtF2ZkUrNXw9WN0Obb/T1
user71:$apr1$YKpEtZka$c59Fmov1cssRdrO5VqBKz1
user76:$apr1$711LL2Ai$59rBNmFprwZXtyFVBtRul0
user77:$apr1$N4uJhPSq$A.rVfAsRXCQqxOenDHjqX1
user74:$apr1$/5p0Qoyy$hjQ30Q8Ghb4zNrjjt2yLk/
user75:$apr1$ZF3yRTqJ$TgLBllrvTQuuiIjSb53xR0
user92:$apr1$6CfIrBqr$5nGNCGA5QOPq/h8hlOE4f.
user69:$apr1$EO2A25Sj$DO/1lCNJJXff4GOsTZmHL/
user68:$apr1$txKPCx1k$WtrlrlP.UF.Rlzbnv6igE/
user61:$apr1$HHUBEn4G$.cAnwbh.ogNEzQSug3nqo/
user60:$apr1$fEYUgRVU$LO2qwXfpxwI9fDXPfQgQB0
user63:$apr1$FsUKA7Hw$nkSgqSIFeqCY1mOyGje3O1
user62:$apr1$Agt4GmKT$4k3Ev3FSJiNsbht3vUbxQ/
user65:$apr1$McEnEqn4$dZvjACdGp0HALVHBtHEu80
user64:$apr1$vBlkQoG4$8L2mTo8gdr8wC68G2y2G91
user67:$apr1$qC1rll4s$cN4DzsWnyFBTNi3Cdi6161
user66:$apr1$zamuhlOG$Xch5pbO1ki2Dad1dzjS4j.
[root@master1 ~]# grep -e admin /etc/origin/master/htpasswd
admin:$apr1$SpwgXdTx$Cx4qnr6Fz5hns/.iiCjMv1
[root@master1 ~]# exit
logout
[ec2-user@master1 ~]$ sudo -i
[root@master1 ~]# exit
logout
[ec2-user@master1 ~]$ exit
logout
Connection to master1.72c4.internal closed.
[root@bastion ~]# ls
anaconda-ks.cfg  bastion.hosts  htpasswd.openshift  ipa-ca.crt  original-ks.cfg  ose-install
[root@bastion ~]# htpasswd htpasswd.openshift admin
New password: 
Re-type new password: 
Updating password for user admin
[root@bastion ~]# htpasswd htpasswd.openshift developer
New password: 
Re-type new password: 
Updating password for user developer
[root@bastion ~]# ls
anaconda-ks.cfg  bastion.hosts  htpasswd.openshift  ipa-ca.crt  original-ks.cfg  ose-install
[root@bastion ~]# ssh master2.72c4.internal
Last login: Wed Nov 22 11:41:15 2017 from ip-192-199-0-79.eu-central-1.compute.internal
[ec2-user@master2 ~]$ sudo -i
[root@master2 ~]# vi /etc/origin/master/master-config.yaml
[root@master2 ~]# exit
logout
[ec2-user@master2 ~]$ exit
logout
Connection to master2.72c4.internal closed.
[root@bastion ~]# ssh master3.72c4.internal
Last login: Wed Nov 22 11:41:15 2017 from ip-192-199-0-79.eu-central-1.compute.internal
[ec2-user@master3 ~]$ sudo -i
[root@master3 ~]# vi /etc/origin/master/master-config.yaml
[root@master3 ~]# vi /etc/origin/master/master-config.yaml
[root@master3 ~]# exit
logout
[ec2-user@master3 ~]$ exit
logout
Connection to master3.72c4.internal closed.
[root@bastion ~]# ssh master2.72c4.internal
Last login: Wed Nov 22 12:15:17 2017 from ip-192-199-0-79.eu-central-1.compute.internal
[ec2-user@master2 ~]$ sudo -i
[root@master2 ~]# vi /etc/origin/master/master-config.yaml
[root@master2 ~]# exit
logout
[ec2-user@master2 ~]$ exit
logout
Connection to master2.72c4.internal closed.
[root@bastion ~]# ssh master2.72c4.internal
Last login: Wed Nov 22 12:53:25 2017 from ip-192-199-0-79.eu-central-1.compute.internal
[ec2-user@master2 ~]$ sudo -i
[root@master2 ~]# vi /etc/origin/master/master-config.yaml
[root@master2 ~]# exit
logout
[ec2-user@master2 ~]$ exit
logout
Connection to master2.72c4.internal closed.
[root@bastion ~]# ssh master3.72c4.internal
Last login: Wed Nov 22 12:53:25 2017 from ip-192-199-0-79.eu-central-1.compute.internal
[ec2-user@master3 ~]$ sudo -i
[root@master3 ~]# vi /etc/origin/master/master-config.yaml
[root@master3 ~]# exit
logout
[ec2-user@master3 ~]$ cd .kube/
[ec2-user@master3 .kube]$ grep -Ri david 
[ec2-user@master3 .kube]$ oc login -u david
Authentication required for https://loadbalancer1.72c4.internal:8443 (openshift)
Username: david
Password: 
Login failed (401 Unauthorized)
[ec2-user@master3 .kube]$ oc login -u david
Authentication required for https://loadbalancer1.72c4.internal:8443 (openshift)
Username: david
Password: 
error: The server was unable to respond - verify you have provided the correct host and port and that the server is currently running.
[ec2-user@master3 .kube]$ grep -Ri david 
[ec2-user@master3 .kube]$ packet_write_wait: Connection to 18.195.72.18 port 22: Broken pipe
cvicensa-mbp:opentlc cvicensa$ ssh -i cvicensa-redhat.com.id_rsa  cvicensa-redhat.com@bastion.72c4.example.opentlc.com
ssh: connect to host bastion.72c4.example.opentlc.com port 22: Operation timed out
cvicensa-mbp:opentlc cvicensa$ 
cvicensa-mbp:opentlc cvicensa$ 
cvicensa-mbp:opentlc cvicensa$ ssh -i cvicensa-redhat.com.id_rsa  cvicensa-redhat.com@bastion.72c4.example.opentlc.com
ssh: connect to host bastion.72c4.example.opentlc.com port 22: Operation timed out
cvicensa-mbp:opentlc cvicensa$ 
cvicensa-mbp:opentlc cvicensa$ 
cvicensa-mbp:opentlc cvicensa$ 
cvicensa-mbp:opentlc cvicensa$ 
cvicensa-mbp:opentlc cvicensa$ 
cvicensa-mbp:opentlc cvicensa$ 
